2025-09-26T14:05:16.445-0500 [INFO]  OpenTofu version: 1.8.6
2025-09-26T14:05:16.445-0500 [DEBUG] using github.com/hashicorp/go-tfe v1.36.0
2025-09-26T14:05:16.445-0500 [DEBUG] using github.com/opentofu/hcl/v2 v2.0.0-20240416130056-03228b26f391
2025-09-26T14:05:16.445-0500 [DEBUG] using github.com/hashicorp/terraform-svchost v0.1.1
2025-09-26T14:05:16.445-0500 [DEBUG] using github.com/zclconf/go-cty v1.14.4
2025-09-26T14:05:16.445-0500 [INFO]  Go runtime version: go1.22.8
2025-09-26T14:05:16.445-0500 [INFO]  CLI args: []string{"tofu", "import", "-lock-timeout=30s", "keycloak_realm.realm", "spezistudyplatform"}
2025-09-26T14:05:16.445-0500 [DEBUG] Attempting to open CLI config file: /home/riccardo/.tofurc
2025-09-26T14:05:16.445-0500 [DEBUG] File doesn't exist, but doesn't need to. Ignoring.
2025-09-26T14:05:16.446-0500 [DEBUG] ignoring non-existing provider search directory terraform.d/plugins
2025-09-26T14:05:16.446-0500 [DEBUG] ignoring non-existing provider search directory /home/riccardo/.terraform.d/plugins
2025-09-26T14:05:16.446-0500 [DEBUG] ignoring non-existing provider search directory /home/riccardo/.local/share/terraform/plugins
2025-09-26T14:05:16.446-0500 [DEBUG] ignoring non-existing provider search directory /usr/local/share/terraform/plugins
2025-09-26T14:05:16.446-0500 [DEBUG] ignoring non-existing provider search directory /usr/share/terraform/plugins
2025-09-26T14:05:16.446-0500 [DEBUG] Found the config directory: /home/riccardo/.terraform.d
2025-09-26T14:05:16.446-0500 [INFO]  CLI command args: []string{"import", "-lock-timeout=30s", "keycloak_realm.realm", "spezistudyplatform"}
2025-09-26T14:05:16.703-0500 [DEBUG] checking for provisioner in "."
2025-09-26T14:05:16.704-0500 [DEBUG] checking for provisioner in "/usr/bin"
2025-09-26T14:05:51.625-0500 [INFO]  OpenTofu version: 1.8.6
2025-09-26T14:05:51.625-0500 [DEBUG] using github.com/hashicorp/go-tfe v1.36.0
2025-09-26T14:05:51.625-0500 [DEBUG] using github.com/opentofu/hcl/v2 v2.0.0-20240416130056-03228b26f391
2025-09-26T14:05:51.625-0500 [DEBUG] using github.com/hashicorp/terraform-svchost v0.1.1
2025-09-26T14:05:51.625-0500 [DEBUG] using github.com/zclconf/go-cty v1.14.4
2025-09-26T14:05:51.625-0500 [INFO]  Go runtime version: go1.22.8
2025-09-26T14:05:51.625-0500 [INFO]  CLI args: []string{"tofu", "import", "-lock-timeout=30s", "keycloak_realm.realm", "spezistudyplatform"}
2025-09-26T14:05:51.625-0500 [DEBUG] Attempting to open CLI config file: /home/riccardo/.tofurc
2025-09-26T14:05:51.625-0500 [DEBUG] File doesn't exist, but doesn't need to. Ignoring.
2025-09-26T14:05:51.625-0500 [DEBUG] ignoring non-existing provider search directory terraform.d/plugins
2025-09-26T14:05:51.625-0500 [DEBUG] ignoring non-existing provider search directory /home/riccardo/.terraform.d/plugins
2025-09-26T14:05:51.625-0500 [DEBUG] ignoring non-existing provider search directory /home/riccardo/.local/share/terraform/plugins
2025-09-26T14:05:51.625-0500 [DEBUG] ignoring non-existing provider search directory /usr/local/share/terraform/plugins
2025-09-26T14:05:51.625-0500 [DEBUG] ignoring non-existing provider search directory /usr/share/terraform/plugins
2025-09-26T14:05:51.625-0500 [DEBUG] Found the config directory: /home/riccardo/.terraform.d
2025-09-26T14:05:51.625-0500 [INFO]  CLI command args: []string{"import", "-lock-timeout=30s", "keycloak_realm.realm", "spezistudyplatform"}
2025-09-26T14:05:51.737-0500 [DEBUG] checking for provisioner in "."
2025-09-26T14:05:51.738-0500 [DEBUG] checking for provisioner in "/usr/bin"
2025-09-26T15:19:13.075-0500 [INFO]  OpenTofu version: 1.8.6
2025-09-26T15:19:13.075-0500 [DEBUG] using github.com/hashicorp/go-tfe v1.36.0
2025-09-26T15:19:13.075-0500 [DEBUG] using github.com/opentofu/hcl/v2 v2.0.0-20240416130056-03228b26f391
2025-09-26T15:19:13.075-0500 [DEBUG] using github.com/hashicorp/terraform-svchost v0.1.1
2025-09-26T15:19:13.075-0500 [DEBUG] using github.com/zclconf/go-cty v1.14.4
2025-09-26T15:19:13.075-0500 [INFO]  Go runtime version: go1.22.8
2025-09-26T15:19:13.075-0500 [INFO]  CLI args: []string{"tofu", "import", "-lock=false", "keycloak_realm.realm", "spezistudyplatform"}
2025-09-26T15:19:13.075-0500 [DEBUG] Attempting to open CLI config file: /home/riccardo/.tofurc
2025-09-26T15:19:13.075-0500 [DEBUG] File doesn't exist, but doesn't need to. Ignoring.
2025-09-26T15:19:13.076-0500 [DEBUG] ignoring non-existing provider search directory terraform.d/plugins
2025-09-26T15:19:13.076-0500 [DEBUG] ignoring non-existing provider search directory /home/riccardo/.terraform.d/plugins
2025-09-26T15:19:13.076-0500 [DEBUG] ignoring non-existing provider search directory /home/riccardo/.local/share/terraform/plugins
2025-09-26T15:19:13.076-0500 [DEBUG] ignoring non-existing provider search directory /usr/share/gnome/terraform/plugins
2025-09-26T15:19:13.076-0500 [DEBUG] ignoring non-existing provider search directory /usr/local/share/terraform/plugins
2025-09-26T15:19:13.076-0500 [DEBUG] ignoring non-existing provider search directory /usr/share/terraform/plugins
2025-09-26T15:19:13.076-0500 [DEBUG] ignoring non-existing provider search directory /var/lib/snapd/desktop/terraform/plugins
2025-09-26T15:19:13.076-0500 [DEBUG] Found the config directory: /home/riccardo/.terraform.d
2025-09-26T15:19:13.076-0500 [INFO]  CLI command args: []string{"import", "-lock=false", "keycloak_realm.realm", "spezistudyplatform"}
2025-09-26T15:19:13.179-0500 [DEBUG] checking for provisioner in "."
2025-09-26T15:19:13.180-0500 [DEBUG] checking for provisioner in "/usr/bin"
2025-09-26T15:19:26.058-0500 [INFO]  OpenTofu version: 1.8.6
2025-09-26T15:19:26.058-0500 [DEBUG] using github.com/hashicorp/go-tfe v1.36.0
2025-09-26T15:19:26.058-0500 [DEBUG] using github.com/opentofu/hcl/v2 v2.0.0-20240416130056-03228b26f391
2025-09-26T15:19:26.058-0500 [DEBUG] using github.com/hashicorp/terraform-svchost v0.1.1
2025-09-26T15:19:26.058-0500 [DEBUG] using github.com/zclconf/go-cty v1.14.4
2025-09-26T15:19:26.058-0500 [INFO]  Go runtime version: go1.22.8
2025-09-26T15:19:26.058-0500 [INFO]  CLI args: []string{"tofu", "import", "-lock=false", "keycloak_realm.realm", "spezistudyplatform"}
2025-09-26T15:19:26.058-0500 [DEBUG] Attempting to open CLI config file: /home/riccardo/.tofurc
2025-09-26T15:19:26.058-0500 [DEBUG] File doesn't exist, but doesn't need to. Ignoring.
2025-09-26T15:19:26.059-0500 [DEBUG] ignoring non-existing provider search directory terraform.d/plugins
2025-09-26T15:19:26.059-0500 [DEBUG] ignoring non-existing provider search directory /home/riccardo/.terraform.d/plugins
2025-09-26T15:19:26.059-0500 [DEBUG] ignoring non-existing provider search directory /home/riccardo/.local/share/terraform/plugins
2025-09-26T15:19:26.059-0500 [DEBUG] ignoring non-existing provider search directory /usr/share/gnome/terraform/plugins
2025-09-26T15:19:26.059-0500 [DEBUG] ignoring non-existing provider search directory /usr/local/share/terraform/plugins
2025-09-26T15:19:26.059-0500 [DEBUG] ignoring non-existing provider search directory /usr/share/terraform/plugins
2025-09-26T15:19:26.059-0500 [DEBUG] ignoring non-existing provider search directory /var/lib/snapd/desktop/terraform/plugins
2025-09-26T15:19:26.059-0500 [DEBUG] Found the config directory: /home/riccardo/.terraform.d
2025-09-26T15:19:26.059-0500 [INFO]  CLI command args: []string{"import", "-lock=false", "keycloak_realm.realm", "spezistudyplatform"}
2025-09-26T15:19:26.158-0500 [DEBUG] checking for provisioner in "."
2025-09-26T15:19:26.159-0500 [DEBUG] checking for provisioner in "/usr/bin"
2025-09-26T15:19:26.719-0500 [DEBUG] backend/local: will prompt for input of unset required variables [gcp_project_id]
2025-09-26T15:19:26.719-0500 [DEBUG] command: asking for input: "var.gcp_project_id"
2025-09-26T15:19:26.719-0500 [ERROR] UIInput scan err: EOF
2025-09-26T15:19:26.719-0500 [WARN]  backend/local: Failed to request user input for variable "gcp_project_id": EOF
2025-09-26T15:19:44.036-0500 [INFO]  OpenTofu version: 1.8.6
2025-09-26T15:19:44.036-0500 [DEBUG] using github.com/hashicorp/go-tfe v1.36.0
2025-09-26T15:19:44.036-0500 [DEBUG] using github.com/opentofu/hcl/v2 v2.0.0-20240416130056-03228b26f391
2025-09-26T15:19:44.036-0500 [DEBUG] using github.com/hashicorp/terraform-svchost v0.1.1
2025-09-26T15:19:44.036-0500 [DEBUG] using github.com/zclconf/go-cty v1.14.4
2025-09-26T15:19:44.036-0500 [INFO]  Go runtime version: go1.22.8
2025-09-26T15:19:44.036-0500 [INFO]  CLI args: []string{"tofu", "import", "-lock=false", "keycloak_realm.realm", "spezistudyplatform"}
2025-09-26T15:19:44.036-0500 [DEBUG] Attempting to open CLI config file: /home/riccardo/.tofurc
2025-09-26T15:19:44.036-0500 [DEBUG] File doesn't exist, but doesn't need to. Ignoring.
2025-09-26T15:19:44.036-0500 [DEBUG] ignoring non-existing provider search directory terraform.d/plugins
2025-09-26T15:19:44.036-0500 [DEBUG] ignoring non-existing provider search directory /home/riccardo/.terraform.d/plugins
2025-09-26T15:19:44.036-0500 [DEBUG] ignoring non-existing provider search directory /home/riccardo/.local/share/terraform/plugins
2025-09-26T15:19:44.036-0500 [DEBUG] ignoring non-existing provider search directory /usr/share/gnome/terraform/plugins
2025-09-26T15:19:44.036-0500 [DEBUG] ignoring non-existing provider search directory /usr/local/share/terraform/plugins
2025-09-26T15:19:44.036-0500 [DEBUG] ignoring non-existing provider search directory /usr/share/terraform/plugins
2025-09-26T15:19:44.036-0500 [DEBUG] ignoring non-existing provider search directory /var/lib/snapd/desktop/terraform/plugins
2025-09-26T15:19:44.037-0500 [DEBUG] Found the config directory: /home/riccardo/.terraform.d
2025-09-26T15:19:44.037-0500 [INFO]  CLI command args: []string{"import", "-lock=false", "keycloak_realm.realm", "spezistudyplatform"}
2025-09-26T15:19:44.138-0500 [DEBUG] checking for provisioner in "."
2025-09-26T15:19:44.139-0500 [DEBUG] checking for provisioner in "/usr/bin"
2025-09-26T15:19:44.544-0500 [DEBUG] Building and walking import graph
2025-09-26T15:19:44.546-0500 [DEBUG] adding implicit provider configuration provider["registry.opentofu.org/hashicorp/google"], implied first by data.google_secret_manager_secret_version.google_sso_client_id (expand)
2025-09-26T15:19:44.546-0500 [DEBUG] ProviderTransformer: "keycloak_openid_client_optional_scopes.oauth2_proxy_groups_scope (expand)" (*tofu.nodeExpandPlannableResource) needs provider["registry.terraform.io/mrparkers/keycloak"]
2025-09-26T15:19:44.546-0500 [DEBUG] ProviderTransformer: "keycloak_custom_identity_provider_mapper.google_first_name_mapper (expand)" (*tofu.nodeExpandPlannableResource) needs provider["registry.terraform.io/mrparkers/keycloak"]
2025-09-26T15:19:44.546-0500 [DEBUG] ProviderTransformer: "keycloak_custom_identity_provider_mapper.google_email_verified_mapper (expand)" (*tofu.nodeExpandPlannableResource) needs provider["registry.terraform.io/mrparkers/keycloak"]
2025-09-26T15:19:44.546-0500 [DEBUG] ProviderTransformer: "keycloak_openid_client_optional_scopes.argocd_groups_scope (expand)" (*tofu.nodeExpandPlannableResource) needs provider["registry.terraform.io/mrparkers/keycloak"]
2025-09-26T15:19:44.546-0500 [DEBUG] ProviderTransformer: "data.google_secret_manager_secret_version.google_sso_client_id (expand)" (*tofu.nodeExpandPlannableResource) needs provider["registry.opentofu.org/hashicorp/google"]
2025-09-26T15:19:44.546-0500 [DEBUG] ProviderTransformer: "keycloak_user.newadmin (expand)" (*tofu.nodeExpandPlannableResource) needs provider["registry.terraform.io/mrparkers/keycloak"]
2025-09-26T15:19:44.546-0500 [DEBUG] ProviderTransformer: "random_password.oauth2_proxy_client_secret (expand)" (*tofu.nodeExpandPlannableResource) needs provider["registry.terraform.io/hashicorp/random"]
2025-09-26T15:19:44.546-0500 [DEBUG] ProviderTransformer: "keycloak_openid_client.oauth2_proxy_client (expand)" (*tofu.nodeExpandPlannableResource) needs provider["registry.terraform.io/mrparkers/keycloak"]
2025-09-26T15:19:44.546-0500 [DEBUG] ProviderTransformer: "keycloak_openid_client.argocd_client (expand)" (*tofu.nodeExpandPlannableResource) needs provider["registry.terraform.io/mrparkers/keycloak"]
2025-09-26T15:19:44.546-0500 [DEBUG] ProviderTransformer: "keycloak_user.testuser (expand)" (*tofu.nodeExpandPlannableResource) needs provider["registry.terraform.io/mrparkers/keycloak"]
2025-09-26T15:19:44.546-0500 [DEBUG] ProviderTransformer: "keycloak_openid_user_realm_role_protocol_mapper.oauth2_proxy_roles_mapper (expand)" (*tofu.nodeExpandPlannableResource) needs provider["registry.terraform.io/mrparkers/keycloak"]
2025-09-26T15:19:44.546-0500 [DEBUG] ProviderTransformer: "keycloak_realm.realm (expand)" (*tofu.nodeExpandPlannableResource) needs provider["registry.terraform.io/mrparkers/keycloak"]
2025-09-26T15:19:44.546-0500 [DEBUG] ProviderTransformer: "kubernetes_job_v1.vault_oauth2_proxy_secret_update (expand)" (*tofu.nodeExpandPlannableResource) needs provider["registry.terraform.io/hashicorp/kubernetes"]
2025-09-26T15:19:44.546-0500 [DEBUG] ProviderTransformer: "keycloak_openid_group_membership_protocol_mapper.argocd_groups_mapper (expand)" (*tofu.nodeExpandPlannableResource) needs provider["registry.terraform.io/mrparkers/keycloak"]
2025-09-26T15:19:44.546-0500 [DEBUG] ProviderTransformer: "keycloak_openid_group_membership_protocol_mapper.oauth2_proxy_groups_mapper (expand)" (*tofu.nodeExpandPlannableResource) needs provider["registry.terraform.io/mrparkers/keycloak"]
2025-09-26T15:19:44.546-0500 [DEBUG] ProviderTransformer: "keycloak_oidc_identity_provider.google (expand)" (*tofu.nodeExpandPlannableResource) needs provider["registry.terraform.io/mrparkers/keycloak"]
2025-09-26T15:19:44.546-0500 [DEBUG] ProviderTransformer: "keycloak_openid_client_scope.groups_scope (expand)" (*tofu.nodeExpandPlannableResource) needs provider["registry.terraform.io/mrparkers/keycloak"]
2025-09-26T15:19:44.546-0500 [DEBUG] ProviderTransformer: "keycloak_openid_user_realm_role_protocol_mapper.argocd_roles_mapper (expand)" (*tofu.nodeExpandPlannableResource) needs provider["registry.terraform.io/mrparkers/keycloak"]
2025-09-26T15:19:44.546-0500 [DEBUG] ProviderTransformer: "keycloak_custom_identity_provider_mapper.google_last_name_mapper (expand)" (*tofu.nodeExpandPlannableResource) needs provider["registry.terraform.io/mrparkers/keycloak"]
2025-09-26T15:19:44.546-0500 [DEBUG] ProviderTransformer: "keycloak_custom_identity_provider_mapper.google_email_mapper (expand)" (*tofu.nodeExpandPlannableResource) needs provider["registry.terraform.io/mrparkers/keycloak"]
2025-09-26T15:19:44.546-0500 [DEBUG] ProviderTransformer: "keycloak_custom_identity_provider_mapper.google_username_mapper (expand)" (*tofu.nodeExpandPlannableResource) needs provider["registry.terraform.io/mrparkers/keycloak"]
2025-09-26T15:19:44.546-0500 [DEBUG] ProviderTransformer: "keycloak_user.testuser2 (expand)" (*tofu.nodeExpandPlannableResource) needs provider["registry.terraform.io/mrparkers/keycloak"]
2025-09-26T15:19:44.546-0500 [DEBUG] ProviderTransformer: "keycloak_user_roles.testuser_roles (expand)" (*tofu.nodeExpandPlannableResource) needs provider["registry.terraform.io/mrparkers/keycloak"]
2025-09-26T15:19:44.546-0500 [DEBUG] ProviderTransformer: "kubernetes_secret.oauth2_proxy_secret_update (expand)" (*tofu.nodeExpandPlannableResource) needs provider["registry.terraform.io/hashicorp/kubernetes"]
2025-09-26T15:19:44.546-0500 [DEBUG] ProviderTransformer: "keycloak_role.authorized_users (expand)" (*tofu.nodeExpandPlannableResource) needs provider["registry.terraform.io/mrparkers/keycloak"]
2025-09-26T15:19:44.546-0500 [DEBUG] ProviderTransformer: "data.google_secret_manager_secret_version.google_sso_client_secret (expand)" (*tofu.nodeExpandPlannableResource) needs provider["registry.opentofu.org/hashicorp/google"]
2025-09-26T15:19:44.546-0500 [DEBUG] ProviderTransformer: "keycloak_role.argocd_admins (expand)" (*tofu.nodeExpandPlannableResource) needs provider["registry.terraform.io/mrparkers/keycloak"]
2025-09-26T15:19:44.546-0500 [DEBUG] created provider logger: level=debug
2025-09-26T15:19:44.546-0500 [INFO]  provider: configuring client automatic mTLS
2025-09-26T15:19:44.550-0500 [DEBUG] provider: starting plugin: path=.terraform/providers/registry.terraform.io/mrparkers/keycloak/4.4.0/linux_amd64/terraform-provider-keycloak_v4.4.0 args=[".terraform/providers/registry.terraform.io/mrparkers/keycloak/4.4.0/linux_amd64/terraform-provider-keycloak_v4.4.0"]
2025-09-26T15:19:44.551-0500 [DEBUG] provider: plugin started: path=.terraform/providers/registry.terraform.io/mrparkers/keycloak/4.4.0/linux_amd64/terraform-provider-keycloak_v4.4.0 pid=1191662
2025-09-26T15:19:44.551-0500 [DEBUG] provider: waiting for RPC address: path=.terraform/providers/registry.terraform.io/mrparkers/keycloak/4.4.0/linux_amd64/terraform-provider-keycloak_v4.4.0
2025-09-26T15:19:44.554-0500 [INFO]  provider.terraform-provider-keycloak_v4.4.0: configuring server automatic mTLS: timestamp=2025-09-26T15:19:44.554-0500
2025-09-26T15:19:44.561-0500 [DEBUG] provider: using plugin: version=5
2025-09-26T15:19:44.561-0500 [DEBUG] provider.terraform-provider-keycloak_v4.4.0: plugin address: address=/tmp/plugin114316249 network=unix timestamp=2025-09-26T15:19:44.561-0500
2025-09-26T15:19:44.573-0500 [DEBUG] provider.stdio: received EOF, stopping recv loop: err="rpc error: code = Unavailable desc = error reading from server: EOF"
2025-09-26T15:19:44.574-0500 [DEBUG] provider: plugin process exited: path=.terraform/providers/registry.terraform.io/mrparkers/keycloak/4.4.0/linux_amd64/terraform-provider-keycloak_v4.4.0 pid=1191662
2025-09-26T15:19:44.574-0500 [DEBUG] provider: plugin exited
2025-09-26T15:19:44.574-0500 [DEBUG] created provider logger: level=debug
2025-09-26T15:19:44.574-0500 [INFO]  provider: configuring client automatic mTLS
2025-09-26T15:19:44.576-0500 [DEBUG] provider: starting plugin: path=.terraform/providers/registry.terraform.io/hashicorp/kubernetes/2.38.0/linux_amd64/terraform-provider-kubernetes_v2.38.0_x5 args=[".terraform/providers/registry.terraform.io/hashicorp/kubernetes/2.38.0/linux_amd64/terraform-provider-kubernetes_v2.38.0_x5"]
2025-09-26T15:19:44.576-0500 [DEBUG] provider: plugin started: path=.terraform/providers/registry.terraform.io/hashicorp/kubernetes/2.38.0/linux_amd64/terraform-provider-kubernetes_v2.38.0_x5 pid=1191676
2025-09-26T15:19:44.576-0500 [DEBUG] provider: waiting for RPC address: path=.terraform/providers/registry.terraform.io/hashicorp/kubernetes/2.38.0/linux_amd64/terraform-provider-kubernetes_v2.38.0_x5
2025-09-26T15:19:44.594-0500 [INFO]  provider.terraform-provider-kubernetes_v2.38.0_x5: configuring server automatic mTLS: timestamp=2025-09-26T15:19:44.594-0500
2025-09-26T15:19:44.599-0500 [DEBUG] provider: using plugin: version=5
2025-09-26T15:19:44.599-0500 [DEBUG] provider.terraform-provider-kubernetes_v2.38.0_x5: plugin address: network=unix address=/tmp/plugin2285960038 timestamp=2025-09-26T15:19:44.598-0500
2025-09-26T15:19:44.642-0500 [DEBUG] provider.stdio: received EOF, stopping recv loop: err="rpc error: code = Unavailable desc = error reading from server: EOF"
2025-09-26T15:19:44.644-0500 [DEBUG] provider: plugin process exited: path=.terraform/providers/registry.terraform.io/hashicorp/kubernetes/2.38.0/linux_amd64/terraform-provider-kubernetes_v2.38.0_x5 pid=1191676
2025-09-26T15:19:44.644-0500 [DEBUG] provider: plugin exited
2025-09-26T15:19:44.644-0500 [DEBUG] created provider logger: level=debug
2025-09-26T15:19:44.644-0500 [INFO]  provider: configuring client automatic mTLS
2025-09-26T15:19:44.646-0500 [DEBUG] provider: starting plugin: path=.terraform/providers/registry.terraform.io/hashicorp/random/3.7.2/linux_amd64/terraform-provider-random_v3.7.2_x5 args=[".terraform/providers/registry.terraform.io/hashicorp/random/3.7.2/linux_amd64/terraform-provider-random_v3.7.2_x5"]
2025-09-26T15:19:44.646-0500 [DEBUG] provider: plugin started: path=.terraform/providers/registry.terraform.io/hashicorp/random/3.7.2/linux_amd64/terraform-provider-random_v3.7.2_x5 pid=1191692
2025-09-26T15:19:44.646-0500 [DEBUG] provider: waiting for RPC address: path=.terraform/providers/registry.terraform.io/hashicorp/random/3.7.2/linux_amd64/terraform-provider-random_v3.7.2_x5
2025-09-26T15:19:44.648-0500 [INFO]  provider.terraform-provider-random_v3.7.2_x5: configuring server automatic mTLS: timestamp=2025-09-26T15:19:44.648-0500
2025-09-26T15:19:44.652-0500 [DEBUG] provider: using plugin: version=5
2025-09-26T15:19:44.652-0500 [DEBUG] provider.terraform-provider-random_v3.7.2_x5: plugin address: address=/tmp/plugin2649439670 network=unix timestamp=2025-09-26T15:19:44.652-0500
2025-09-26T15:19:44.656-0500 [DEBUG] No provider meta schema returned
2025-09-26T15:19:44.657-0500 [DEBUG] provider.stdio: received EOF, stopping recv loop: err="rpc error: code = Unavailable desc = error reading from server: EOF"
2025-09-26T15:19:44.657-0500 [DEBUG] provider: plugin process exited: path=.terraform/providers/registry.terraform.io/hashicorp/random/3.7.2/linux_amd64/terraform-provider-random_v3.7.2_x5 pid=1191692
2025-09-26T15:19:44.657-0500 [DEBUG] provider: plugin exited
2025-09-26T15:19:44.658-0500 [DEBUG] created provider logger: level=debug
2025-09-26T15:19:44.658-0500 [INFO]  provider: configuring client automatic mTLS
2025-09-26T15:19:44.659-0500 [DEBUG] provider: starting plugin: path=.terraform/providers/registry.opentofu.org/hashicorp/google/7.1.1/linux_amd64/terraform-provider-google args=[".terraform/providers/registry.opentofu.org/hashicorp/google/7.1.1/linux_amd64/terraform-provider-google"]
2025-09-26T15:19:44.659-0500 [DEBUG] provider: plugin started: path=.terraform/providers/registry.opentofu.org/hashicorp/google/7.1.1/linux_amd64/terraform-provider-google pid=1191701
2025-09-26T15:19:44.659-0500 [DEBUG] provider: waiting for RPC address: path=.terraform/providers/registry.opentofu.org/hashicorp/google/7.1.1/linux_amd64/terraform-provider-google
2025-09-26T15:19:44.682-0500 [INFO]  provider.terraform-provider-google: configuring server automatic mTLS: timestamp=2025-09-26T15:19:44.682-0500
2025-09-26T15:19:44.687-0500 [DEBUG] provider.terraform-provider-google: plugin address: address=/tmp/plugin3468197383 network=unix timestamp=2025-09-26T15:19:44.687-0500
2025-09-26T15:19:44.687-0500 [DEBUG] provider: using plugin: version=5
2025-09-26T15:19:44.797-0500 [DEBUG] provider.stdio: received EOF, stopping recv loop: err="rpc error: code = Unavailable desc = error reading from server: EOF"
2025-09-26T15:19:44.799-0500 [DEBUG] provider: plugin process exited: path=.terraform/providers/registry.opentofu.org/hashicorp/google/7.1.1/linux_amd64/terraform-provider-google pid=1191701
2025-09-26T15:19:44.800-0500 [DEBUG] provider: plugin exited
2025-09-26T15:19:44.801-0500 [DEBUG] ReferenceTransformer: "keycloak_openid_client_optional_scopes.oauth2_proxy_groups_scope (expand)" references: [keycloak_realm.realm (expand) keycloak_openid_client.oauth2_proxy_client (expand) keycloak_openid_client_scope.groups_scope (expand)]
2025-09-26T15:19:44.801-0500 [DEBUG] ReferenceTransformer: "keycloak_user.testuser (expand)" references: [var.create_test_users keycloak_realm.realm (expand)]
2025-09-26T15:19:44.801-0500 [DEBUG] ReferenceTransformer: "var.google_oauth_client_id" references: []
2025-09-26T15:19:44.801-0500 [DEBUG] ReferenceTransformer: "var.keycloak_password" references: []
2025-09-26T15:19:44.801-0500 [DEBUG] ReferenceTransformer: "keycloak_openid_group_membership_protocol_mapper.oauth2_proxy_groups_mapper (expand)" references: [keycloak_realm.realm (expand) keycloak_openid_client_scope.groups_scope (expand)]
2025-09-26T15:19:44.801-0500 [INFO]  ReferenceTransformer: reference not found: "count.index"
2025-09-26T15:19:44.801-0500 [DEBUG] ReferenceTransformer: "keycloak_user_roles.testuser_roles (expand)" references: [var.create_test_users keycloak_user.testuser (expand) keycloak_realm.realm (expand) keycloak_role.authorized_users (expand) keycloak_role.argocd_admins (expand)]
2025-09-26T15:19:44.801-0500 [DEBUG] ReferenceTransformer: "kubernetes_secret.oauth2_proxy_secret_update (expand)" references: [random_password.oauth2_proxy_client_secret (expand) var.enable_vault_secret_sync random_password.oauth2_proxy_client_secret (expand)]
2025-09-26T15:19:44.801-0500 [DEBUG] ReferenceTransformer: "keycloak_realm.realm (expand)" references: []
2025-09-26T15:19:44.801-0500 [DEBUG] ReferenceTransformer: "local.google_client_id (expand)" references: [var.enable_google_sso data.google_secret_manager_secret_version.google_sso_client_id (expand) var.google_oauth_client_id]
2025-09-26T15:19:44.801-0500 [DEBUG] ReferenceTransformer: "local.google_client_secret (expand)" references: [var.enable_google_sso data.google_secret_manager_secret_version.google_sso_client_secret (expand) var.google_oauth_client_secret]
2025-09-26T15:19:44.801-0500 [INFO]  ReferenceTransformer: reference not found: "count.index"
2025-09-26T15:19:44.801-0500 [DEBUG] ReferenceTransformer: "keycloak_custom_identity_provider_mapper.google_email_mapper (expand)" references: [keycloak_oidc_identity_provider.google (expand) keycloak_realm.realm (expand) keycloak_oidc_identity_provider.google (expand)]
2025-09-26T15:19:44.801-0500 [DEBUG] ReferenceTransformer: "keycloak_openid_client_scope.groups_scope (expand)" references: [keycloak_realm.realm (expand)]
2025-09-26T15:19:44.801-0500 [DEBUG] ReferenceTransformer: "var.google_oauth_client_secret" references: []
2025-09-26T15:19:44.801-0500 [DEBUG] ReferenceTransformer: "keycloak_openid_user_realm_role_protocol_mapper.argocd_roles_mapper (expand)" references: [keycloak_openid_client_scope.groups_scope (expand) keycloak_realm.realm (expand)]
2025-09-26T15:19:44.801-0500 [DEBUG] ReferenceTransformer: "var.keycloak_client_id" references: []
2025-09-26T15:19:44.801-0500 [DEBUG] ReferenceTransformer: "var.keycloak_url" references: []
2025-09-26T15:19:44.801-0500 [DEBUG] ReferenceTransformer: "local.google_idp_enabled (expand)" references: [local.google_client_id (expand) local.google_client_secret (expand)]
2025-09-26T15:19:44.801-0500 [DEBUG] ReferenceTransformer: "keycloak_user.newadmin (expand)" references: [var.create_test_users keycloak_realm.realm (expand)]
2025-09-26T15:19:44.801-0500 [DEBUG] ReferenceTransformer: "var.keycloak_username" references: []
2025-09-26T15:19:44.801-0500 [DEBUG] ReferenceTransformer: "kubernetes_job_v1.vault_oauth2_proxy_secret_update (expand)" references: [kubernetes_secret.oauth2_proxy_secret_update (expand) var.enable_vault_secret_sync kubernetes_secret.oauth2_proxy_secret_update (expand)]
2025-09-26T15:19:44.802-0500 [DEBUG] ReferenceTransformer: "var.gcp_project_id" references: []
2025-09-26T15:19:44.802-0500 [DEBUG] ReferenceTransformer: "var.enable_google_sso" references: []
2025-09-26T15:19:44.802-0500 [DEBUG] ReferenceTransformer: "var.enable_vault_secret_sync" references: []
2025-09-26T15:19:44.802-0500 [INFO]  ReferenceTransformer: reference not found: "count.index"
2025-09-26T15:19:44.802-0500 [DEBUG] ReferenceTransformer: "keycloak_custom_identity_provider_mapper.google_last_name_mapper (expand)" references: [keycloak_oidc_identity_provider.google (expand) keycloak_realm.realm (expand) keycloak_oidc_identity_provider.google (expand)]
2025-09-26T15:19:44.802-0500 [DEBUG] ReferenceTransformer: "random_password.oauth2_proxy_client_secret (expand)" references: []
2025-09-26T15:19:44.802-0500 [INFO]  ReferenceTransformer: reference not found: "count.index"
2025-09-26T15:19:44.802-0500 [DEBUG] ReferenceTransformer: "keycloak_custom_identity_provider_mapper.google_first_name_mapper (expand)" references: [keycloak_oidc_identity_provider.google (expand) keycloak_realm.realm (expand) keycloak_oidc_identity_provider.google (expand)]
2025-09-26T15:19:44.802-0500 [DEBUG] ReferenceTransformer: "keycloak_role.authorized_users (expand)" references: [keycloak_realm.realm (expand)]
2025-09-26T15:19:44.802-0500 [DEBUG] ReferenceTransformer: "provider[\"registry.terraform.io/hashicorp/random\"]" references: []
2025-09-26T15:19:44.802-0500 [DEBUG] ReferenceTransformer: "provider[\"registry.terraform.io/hashicorp/kubernetes\"]" references: [var.kube_config_path]
2025-09-26T15:19:44.802-0500 [DEBUG] ReferenceTransformer: "provider[\"registry.terraform.io/mrparkers/keycloak\"]" references: [var.keycloak_client_id var.keycloak_username var.keycloak_password var.keycloak_url]
2025-09-26T15:19:44.802-0500 [DEBUG] ReferenceTransformer: "provider[\"registry.opentofu.org/hashicorp/google\"]" references: []
2025-09-26T15:19:44.802-0500 [DEBUG] ReferenceTransformer: "keycloak_openid_client.oauth2_proxy_client (expand)" references: [random_password.oauth2_proxy_client_secret (expand) keycloak_realm.realm (expand) var.frontend_url random_password.oauth2_proxy_client_secret (expand)]
2025-09-26T15:19:44.802-0500 [INFO]  ReferenceTransformer: reference not found: "count.index"
2025-09-26T15:19:44.802-0500 [DEBUG] ReferenceTransformer: "keycloak_custom_identity_provider_mapper.google_email_verified_mapper (expand)" references: [keycloak_oidc_identity_provider.google (expand) keycloak_realm.realm (expand) keycloak_oidc_identity_provider.google (expand)]
2025-09-26T15:19:44.802-0500 [DEBUG] ReferenceTransformer: "data.google_secret_manager_secret_version.google_sso_client_id (expand)" references: [var.enable_google_sso var.gcp_project_id]
2025-09-26T15:19:44.802-0500 [DEBUG] ReferenceTransformer: "var.kube_config_path" references: []
2025-09-26T15:19:44.802-0500 [INFO]  ReferenceTransformer: reference not found: "count.index"
2025-09-26T15:19:44.802-0500 [DEBUG] ReferenceTransformer: "keycloak_custom_identity_provider_mapper.google_username_mapper (expand)" references: [keycloak_oidc_identity_provider.google (expand) keycloak_realm.realm (expand) keycloak_oidc_identity_provider.google (expand)]
2025-09-26T15:19:44.802-0500 [DEBUG] ReferenceTransformer: "keycloak_openid_client_optional_scopes.argocd_groups_scope (expand)" references: [keycloak_realm.realm (expand) keycloak_openid_client.argocd_client (expand) keycloak_openid_client_scope.groups_scope (expand)]
2025-09-26T15:19:44.802-0500 [DEBUG] ReferenceTransformer: "data.google_secret_manager_secret_version.google_sso_client_secret (expand)" references: [var.enable_google_sso var.gcp_project_id]
2025-09-26T15:19:44.802-0500 [DEBUG] ReferenceTransformer: "var.create_test_users" references: []
2025-09-26T15:19:44.802-0500 [DEBUG] ReferenceTransformer: "keycloak_oidc_identity_provider.google (expand)" references: [local.google_idp_enabled (expand) keycloak_realm.realm (expand) local.google_client_secret (expand) local.google_client_id (expand)]
2025-09-26T15:19:44.802-0500 [DEBUG] ReferenceTransformer: "keycloak_role.argocd_admins (expand)" references: [keycloak_realm.realm (expand)]
2025-09-26T15:19:44.802-0500 [DEBUG] ReferenceTransformer: "keycloak_user.testuser2 (expand)" references: [var.create_test_users keycloak_realm.realm (expand)]
2025-09-26T15:19:44.802-0500 [DEBUG] ReferenceTransformer: "keycloak_openid_group_membership_protocol_mapper.argocd_groups_mapper (expand)" references: [keycloak_openid_client_scope.groups_scope (expand) keycloak_realm.realm (expand)]
2025-09-26T15:19:44.802-0500 [DEBUG] ReferenceTransformer: "keycloak_openid_user_realm_role_protocol_mapper.oauth2_proxy_roles_mapper (expand)" references: [keycloak_realm.realm (expand) keycloak_openid_client_scope.groups_scope (expand)]
2025-09-26T15:19:44.802-0500 [DEBUG] ReferenceTransformer: "keycloak_openid_client.argocd_client (expand)" references: [keycloak_realm.realm (expand) var.frontend_url var.frontend_url]
2025-09-26T15:19:44.802-0500 [DEBUG] ReferenceTransformer: "var.frontend_url" references: []
2025-09-26T15:19:44.803-0500 [DEBUG] Starting graph walk: walkImport
2025-09-26T15:19:44.804-0500 [DEBUG] created provider logger: level=debug
2025-09-26T15:19:44.804-0500 [INFO]  provider: configuring client automatic mTLS
2025-09-26T15:19:44.806-0500 [DEBUG] provider: starting plugin: path=.terraform/providers/registry.opentofu.org/hashicorp/google/7.1.1/linux_amd64/terraform-provider-google args=[".terraform/providers/registry.opentofu.org/hashicorp/google/7.1.1/linux_amd64/terraform-provider-google"]
2025-09-26T15:19:44.806-0500 [DEBUG] provider: plugin started: path=.terraform/providers/registry.opentofu.org/hashicorp/google/7.1.1/linux_amd64/terraform-provider-google pid=1191723
2025-09-26T15:19:44.806-0500 [DEBUG] provider: waiting for RPC address: path=.terraform/providers/registry.opentofu.org/hashicorp/google/7.1.1/linux_amd64/terraform-provider-google
2025-09-26T15:19:44.829-0500 [INFO]  provider.terraform-provider-google: configuring server automatic mTLS: timestamp=2025-09-26T15:19:44.828-0500
2025-09-26T15:19:44.833-0500 [DEBUG] provider.terraform-provider-google: plugin address: address=/tmp/plugin3080233764 network=unix timestamp=2025-09-26T15:19:44.833-0500
2025-09-26T15:19:44.833-0500 [DEBUG] provider: using plugin: version=5
2025-09-26T15:19:44.836-0500 [DEBUG] created provider logger: level=debug
2025-09-26T15:19:44.836-0500 [INFO]  provider: configuring client automatic mTLS
2025-09-26T15:19:44.838-0500 [DEBUG] provider: starting plugin: path=.terraform/providers/registry.terraform.io/hashicorp/kubernetes/2.38.0/linux_amd64/terraform-provider-kubernetes_v2.38.0_x5 args=[".terraform/providers/registry.terraform.io/hashicorp/kubernetes/2.38.0/linux_amd64/terraform-provider-kubernetes_v2.38.0_x5"]
2025-09-26T15:19:44.838-0500 [DEBUG] provider: plugin started: path=.terraform/providers/registry.terraform.io/hashicorp/kubernetes/2.38.0/linux_amd64/terraform-provider-kubernetes_v2.38.0_x5 pid=1191738
2025-09-26T15:19:44.838-0500 [DEBUG] provider: waiting for RPC address: path=.terraform/providers/registry.terraform.io/hashicorp/kubernetes/2.38.0/linux_amd64/terraform-provider-kubernetes_v2.38.0_x5
2025-09-26T15:19:44.856-0500 [INFO]  provider.terraform-provider-kubernetes_v2.38.0_x5: configuring server automatic mTLS: timestamp=2025-09-26T15:19:44.856-0500
2025-09-26T15:19:44.860-0500 [DEBUG] provider: using plugin: version=5
2025-09-26T15:19:44.860-0500 [DEBUG] provider.terraform-provider-kubernetes_v2.38.0_x5: plugin address: address=/tmp/plugin2655067164 network=unix timestamp=2025-09-26T15:19:44.860-0500
2025-09-26T15:19:44.864-0500 [DEBUG] created provider logger: level=debug
2025-09-26T15:19:44.864-0500 [INFO]  provider: configuring client automatic mTLS
2025-09-26T15:19:44.865-0500 [DEBUG] provider: starting plugin: path=.terraform/providers/registry.terraform.io/hashicorp/random/3.7.2/linux_amd64/terraform-provider-random_v3.7.2_x5 args=[".terraform/providers/registry.terraform.io/hashicorp/random/3.7.2/linux_amd64/terraform-provider-random_v3.7.2_x5"]
2025-09-26T15:19:44.866-0500 [DEBUG] provider: plugin started: path=.terraform/providers/registry.terraform.io/hashicorp/random/3.7.2/linux_amd64/terraform-provider-random_v3.7.2_x5 pid=1191747
2025-09-26T15:19:44.866-0500 [DEBUG] provider: waiting for RPC address: path=.terraform/providers/registry.terraform.io/hashicorp/random/3.7.2/linux_amd64/terraform-provider-random_v3.7.2_x5
2025-09-26T15:19:44.868-0500 [INFO]  provider.terraform-provider-random_v3.7.2_x5: configuring server automatic mTLS: timestamp=2025-09-26T15:19:44.868-0500
2025-09-26T15:19:44.872-0500 [DEBUG] provider: using plugin: version=5
2025-09-26T15:19:44.872-0500 [DEBUG] provider.terraform-provider-random_v3.7.2_x5: plugin address: address=/tmp/plugin626892924 network=unix timestamp=2025-09-26T15:19:44.872-0500
2025-09-26T15:19:44.876-0500 [DEBUG] created provider logger: level=debug
2025-09-26T15:19:44.876-0500 [INFO]  provider: configuring client automatic mTLS
2025-09-26T15:19:44.878-0500 [DEBUG] provider: starting plugin: path=.terraform/providers/registry.terraform.io/mrparkers/keycloak/4.4.0/linux_amd64/terraform-provider-keycloak_v4.4.0 args=[".terraform/providers/registry.terraform.io/mrparkers/keycloak/4.4.0/linux_amd64/terraform-provider-keycloak_v4.4.0"]
2025-09-26T15:19:44.878-0500 [DEBUG] provider: plugin started: path=.terraform/providers/registry.terraform.io/mrparkers/keycloak/4.4.0/linux_amd64/terraform-provider-keycloak_v4.4.0 pid=1191757
2025-09-26T15:19:44.878-0500 [DEBUG] provider: waiting for RPC address: path=.terraform/providers/registry.terraform.io/mrparkers/keycloak/4.4.0/linux_amd64/terraform-provider-keycloak_v4.4.0
2025-09-26T15:19:44.882-0500 [INFO]  provider.terraform-provider-keycloak_v4.4.0: configuring server automatic mTLS: timestamp=2025-09-26T15:19:44.882-0500
2025-09-26T15:19:44.891-0500 [DEBUG] provider.terraform-provider-keycloak_v4.4.0: plugin address: network=unix address=/tmp/plugin1482800940 timestamp=2025-09-26T15:19:44.891-0500
2025-09-26T15:19:44.891-0500 [DEBUG] provider: using plugin: version=5
2025-09-26T15:19:44.897-0500 [DEBUG] provider.terraform-provider-kubernetes_v2.38.0_x5: 2025/09/26 15:19:44 [DEBUG] Using kubeconfig: /home/riccardo/.kube/config
2025-09-26T15:19:44.897-0500 [DEBUG] provider.terraform-provider-kubernetes_v2.38.0_x5: 2025/09/26 15:19:44 [DEBUG] Enabling HTTP requests/responses tracing
2025-09-26T15:19:44.897-0500 [DEBUG] ReferenceTransformer: "random_password.oauth2_proxy_client_secret" references: []
2025-09-26T15:19:44.897-0500 [DEBUG] provider.terraform-provider-google: 2025/09/26 15:19:44 [INFO] Authenticating using DefaultClient...
2025-09-26T15:19:44.897-0500 [DEBUG] provider.terraform-provider-google: 2025/09/26 15:19:44 [INFO]   -- Scopes: [https://www.googleapis.com/auth/cloud-platform https://www.googleapis.com/auth/userinfo.email]
2025-09-26T15:19:44.897-0500 [DEBUG] provider.terraform-provider-google: 2025/09/26 15:19:44 [INFO] Authenticating using DefaultClient...
2025-09-26T15:19:44.897-0500 [DEBUG] provider.terraform-provider-google: 2025/09/26 15:19:44 [INFO]   -- Scopes: [https://www.googleapis.com/auth/cloud-platform https://www.googleapis.com/auth/userinfo.email]
2025-09-26T15:19:44.897-0500 [DEBUG] provider.terraform-provider-google: 2025/09/26 15:19:44 [DEBUG] Waiting for state to become: [success]
2025-09-26T15:19:44.899-0500 [DEBUG] provider.stdio: received EOF, stopping recv loop: err="rpc error: code = Unavailable desc = error reading from server: EOF"
2025-09-26T15:19:44.900-0500 [DEBUG] provider: plugin process exited: path=.terraform/providers/registry.terraform.io/hashicorp/random/3.7.2/linux_amd64/terraform-provider-random_v3.7.2_x5 pid=1191747
2025-09-26T15:19:44.900-0500 [DEBUG] provider: plugin exited
2025-09-26T15:19:44.900-0500 [DEBUG] provider.stdio: received EOF, stopping recv loop: err="rpc error: code = Unavailable desc = error reading from server: EOF"
2025-09-26T15:19:44.902-0500 [DEBUG] provider: plugin process exited: path=.terraform/providers/registry.terraform.io/hashicorp/kubernetes/2.38.0/linux_amd64/terraform-provider-kubernetes_v2.38.0_x5 pid=1191738
2025-09-26T15:19:44.902-0500 [DEBUG] provider: plugin exited
2025-09-26T15:19:44.904-0500 [WARN]  ValidateProviderConfig from "provider[\"registry.terraform.io/mrparkers/keycloak\"]" changed the config value, but that value is unused
2025-09-26T15:19:44.905-0500 [DEBUG] provider.terraform-provider-keycloak_v4.4.0: Login request: tf_provider_addr=provider tf_rpc=Configure @caller=github.com/mrparkers/terraform-provider-keycloak/keycloak/keycloak_client.go:118 request="client_id=admin-cli&grant_type=password&password=%24%28kubectl+get+secret+keycloak+-n+spezistudyplatform+-o+jsonpath%3D%22%7B.data%5Badmin-password%5D%7D%22+%7C+base64+-d%29&username=%24%28kubectl+get+secret+keycloak+-n+spezistudyplatform+-o+jsonpath%3D%22%7B.data%5Badmin-username%5D%7D%22+%7C+base64+-d%29" tf_req_id=aeef1b0e-2da8-ac29-2fa8-a39da94f6f63 @module=provider timestamp=2025-09-26T15:19:44.905-0500
2025-09-26T15:19:45.187-0500 [DEBUG] provider.terraform-provider-google: 2025/09/26 15:19:45 [INFO] Terraform is using this identity: spezistudyplatform-dev-svc@spezistudyplatform-dev.iam.gserviceaccount.com
2025-09-26T15:19:45.188-0500 [INFO]  ReferenceTransformer: reference not found: "var.enable_google_sso"
2025-09-26T15:19:45.188-0500 [INFO]  ReferenceTransformer: reference not found: "var.gcp_project_id"
2025-09-26T15:19:45.188-0500 [DEBUG] ReferenceTransformer: "data.google_secret_manager_secret_version.google_sso_client_secret[0]" references: []
2025-09-26T15:19:45.188-0500 [INFO]  ReferenceTransformer: reference not found: "var.enable_google_sso"
2025-09-26T15:19:45.188-0500 [INFO]  ReferenceTransformer: reference not found: "var.gcp_project_id"
2025-09-26T15:19:45.188-0500 [DEBUG] ReferenceTransformer: "data.google_secret_manager_secret_version.google_sso_client_id[0]" references: []
2025-09-26T15:19:45.191-0500 [DEBUG] provider.terraform-provider-google: 2025/09/26 15:19:45 [DEBUG] Waiting for state to become: [success]
2025-09-26T15:19:45.192-0500 [DEBUG] provider.terraform-provider-google: 2025/09/26 15:19:45 [DEBUG] Retry Transport: starting RoundTrip retry loop
2025-09-26T15:19:45.192-0500 [DEBUG] provider.terraform-provider-google: 2025/09/26 15:19:45 [DEBUG] Retry Transport: request attempt 0
2025-09-26T15:19:45.192-0500 [DEBUG] provider.terraform-provider-google: 2025/09/26 15:19:45 [DEBUG] Google API Request Details:
2025-09-26T15:19:45.192-0500 [DEBUG] provider.terraform-provider-google: ---[ REQUEST ]---------------------------------------
2025-09-26T15:19:45.192-0500 [DEBUG] provider.terraform-provider-google: GET /v1/projects/spezistudyplatform-dev/secrets/keycloak-google-sso-client-secret/versions/latest?alt=json HTTP/1.1
2025-09-26T15:19:45.192-0500 [DEBUG] provider.terraform-provider-google: Host: secretmanager.googleapis.com
2025-09-26T15:19:45.192-0500 [DEBUG] provider.terraform-provider-google: User-Agent: Terraform/1.8.6 (+https://www.terraform.io) Terraform-Plugin-SDK/2.37.0 terraform-provider-google/dev6
2025-09-26T15:19:45.192-0500 [DEBUG] provider.terraform-provider-google: Content-Type: application/json
2025-09-26T15:19:45.192-0500 [DEBUG] provider.terraform-provider-google: Accept-Encoding: gzip
2025-09-26T15:19:45.192-0500 [DEBUG] provider.terraform-provider-google
2025-09-26T15:19:45.192-0500 [DEBUG] provider.terraform-provider-google
2025-09-26T15:19:45.192-0500 [DEBUG] provider.terraform-provider-google: -----------------------------------------------------
2025-09-26T15:19:45.192-0500 [DEBUG] provider.terraform-provider-google: 2025/09/26 15:19:45 [DEBUG] Waiting for state to become: [success]
2025-09-26T15:19:45.192-0500 [DEBUG] provider.terraform-provider-google: 2025/09/26 15:19:45 [DEBUG] Retry Transport: starting RoundTrip retry loop
2025-09-26T15:19:45.192-0500 [DEBUG] provider.terraform-provider-google: 2025/09/26 15:19:45 [DEBUG] Retry Transport: request attempt 0
2025-09-26T15:19:45.192-0500 [DEBUG] provider.terraform-provider-google: 2025/09/26 15:19:45 [DEBUG] Google API Request Details:
2025-09-26T15:19:45.192-0500 [DEBUG] provider.terraform-provider-google: ---[ REQUEST ]---------------------------------------
2025-09-26T15:19:45.192-0500 [DEBUG] provider.terraform-provider-google: GET /v1/projects/spezistudyplatform-dev/secrets/keycloak-google-sso-client-id/versions/latest?alt=json HTTP/1.1
2025-09-26T15:19:45.192-0500 [DEBUG] provider.terraform-provider-google: Host: secretmanager.googleapis.com
2025-09-26T15:19:45.192-0500 [DEBUG] provider.terraform-provider-google: User-Agent: Terraform/1.8.6 (+https://www.terraform.io) Terraform-Plugin-SDK/2.37.0 terraform-provider-google/dev6
2025-09-26T15:19:45.192-0500 [DEBUG] provider.terraform-provider-google: Content-Type: application/json
2025-09-26T15:19:45.192-0500 [DEBUG] provider.terraform-provider-google: Accept-Encoding: gzip
2025-09-26T15:19:45.192-0500 [DEBUG] provider.terraform-provider-google
2025-09-26T15:19:45.192-0500 [DEBUG] provider.terraform-provider-google
2025-09-26T15:19:45.192-0500 [DEBUG] provider.terraform-provider-google: -----------------------------------------------------
2025-09-26T15:19:45.240-0500 [ERROR] provider.terraform-provider-keycloak_v4.4.0: Response contains error diagnostic: @module=sdk.proto tf_provider_addr=provider diagnostic_summary="error initializing keycloak provider" tf_proto_version=5.3 tf_req_id=aeef1b0e-2da8-ac29-2fa8-a39da94f6f63 tf_rpc=Configure @caller=github.com/hashicorp/terraform-plugin-go@v0.14.3/tfprotov5/internal/diag/diagnostics.go:55 diagnostic_detail="failed to perform initial login to Keycloak: error sending POST request to http://localhost:8081/auth/realms/master/protocol/openid-connect/token: 401 Unauthorized" diagnostic_severity=ERROR timestamp=2025-09-26T15:19:45.240-0500
2025-09-26T15:19:45.240-0500 [ERROR] vertex "provider[\"registry.terraform.io/mrparkers/keycloak\"]" error: error initializing keycloak provider
2025-09-26T15:19:45.401-0500 [DEBUG] provider.terraform-provider-google: 2025/09/26 15:19:45 [DEBUG] Google API Response Details:
2025-09-26T15:19:45.401-0500 [DEBUG] provider.terraform-provider-google: ---[ RESPONSE ]--------------------------------------
2025-09-26T15:19:45.401-0500 [DEBUG] provider.terraform-provider-google: HTTP/2.0 200 OK
2025-09-26T15:19:45.401-0500 [DEBUG] provider.terraform-provider-google: Alt-Svc: h3=":443"; ma=2592000,h3-29=":443"; ma=2592000
2025-09-26T15:19:45.401-0500 [DEBUG] provider.terraform-provider-google: Content-Type: application/json; charset=UTF-8
2025-09-26T15:19:45.401-0500 [DEBUG] provider.terraform-provider-google: Date: Fri, 26 Sep 2025 20:19:45 GMT
2025-09-26T15:19:45.401-0500 [DEBUG] provider.terraform-provider-google: Server: ESF
2025-09-26T15:19:45.401-0500 [DEBUG] provider.terraform-provider-google: Vary: Origin
2025-09-26T15:19:45.401-0500 [DEBUG] provider.terraform-provider-google: Vary: X-Origin
2025-09-26T15:19:45.401-0500 [DEBUG] provider.terraform-provider-google: Vary: Referer
2025-09-26T15:19:45.402-0500 [DEBUG] provider.terraform-provider-google: X-Content-Type-Options: nosniff
2025-09-26T15:19:45.402-0500 [DEBUG] provider.terraform-provider-google: X-Frame-Options: SAMEORIGIN
2025-09-26T15:19:45.402-0500 [DEBUG] provider.terraform-provider-google: X-Xss-Protection: 0
2025-09-26T15:19:45.402-0500 [DEBUG] provider.terraform-provider-google
2025-09-26T15:19:45.402-0500 [DEBUG] provider.terraform-provider-google: {
2025-09-26T15:19:45.402-0500 [DEBUG] provider.terraform-provider-google:   "name": "projects/158896033530/secrets/keycloak-google-sso-client-id/versions/1",
2025-09-26T15:19:45.402-0500 [DEBUG] provider.terraform-provider-google:   "createTime": "2025-09-06T03:50:24.283502Z",
2025-09-26T15:19:45.402-0500 [DEBUG] provider.terraform-provider-google:   "state": "ENABLED",
2025-09-26T15:19:45.402-0500 [DEBUG] provider.terraform-provider-google:   "replicationStatus": {
2025-09-26T15:19:45.402-0500 [DEBUG] provider.terraform-provider-google:     "automatic": {}
2025-09-26T15:19:45.402-0500 [DEBUG] provider.terraform-provider-google:   },
2025-09-26T15:19:45.402-0500 [DEBUG] provider.terraform-provider-google:   "etag": "\"163e19daaf336e\"",
2025-09-26T15:19:45.402-0500 [DEBUG] provider.terraform-provider-google:   "clientSpecifiedPayloadChecksum": true
2025-09-26T15:19:45.402-0500 [DEBUG] provider.terraform-provider-google: }
2025-09-26T15:19:45.402-0500 [DEBUG] provider.terraform-provider-google
2025-09-26T15:19:45.402-0500 [DEBUG] provider.terraform-provider-google: -----------------------------------------------------
2025-09-26T15:19:45.402-0500 [DEBUG] provider.terraform-provider-google: 2025/09/26 15:19:45 [DEBUG] Retry Transport: Stopping retries, last request was successful
2025-09-26T15:19:45.402-0500 [DEBUG] provider.terraform-provider-google: 2025/09/26 15:19:45 [DEBUG] Retry Transport: Returning after 1 attempts
2025-09-26T15:19:45.402-0500 [DEBUG] provider.terraform-provider-google: 2025/09/26 15:19:45 [DEBUG] Received Google SecretManager Version: map["clientSpecifiedPayloadChecksum":%!q(bool=true) "createTime":"2025-09-06T03:50:24.283502Z" "etag":"\"163e19daaf336e\"" "name":"projects/158896033530/secrets/keycloak-google-sso-client-id/versions/1" "replicationStatus":map["automatic":map[]] "state":"ENABLED"]
2025-09-26T15:19:45.402-0500 [DEBUG] provider.terraform-provider-google: 2025/09/26 15:19:45 [DEBUG] Waiting for state to become: [success]
2025-09-26T15:19:45.402-0500 [DEBUG] provider.terraform-provider-google: 2025/09/26 15:19:45 [DEBUG] Retry Transport: starting RoundTrip retry loop
2025-09-26T15:19:45.402-0500 [DEBUG] provider.terraform-provider-google: 2025/09/26 15:19:45 [DEBUG] Retry Transport: request attempt 0
2025-09-26T15:19:45.402-0500 [DEBUG] provider.terraform-provider-google: 2025/09/26 15:19:45 [DEBUG] Google API Request Details:
2025-09-26T15:19:45.402-0500 [DEBUG] provider.terraform-provider-google: ---[ REQUEST ]---------------------------------------
2025-09-26T15:19:45.402-0500 [DEBUG] provider.terraform-provider-google: GET /v1/projects/spezistudyplatform-dev/secrets/keycloak-google-sso-client-id/versions/latest:access?alt=json HTTP/1.1
2025-09-26T15:19:45.402-0500 [DEBUG] provider.terraform-provider-google: Host: secretmanager.googleapis.com
2025-09-26T15:19:45.402-0500 [DEBUG] provider.terraform-provider-google: User-Agent: Terraform/1.8.6 (+https://www.terraform.io) Terraform-Plugin-SDK/2.37.0 terraform-provider-google/dev6
2025-09-26T15:19:45.402-0500 [DEBUG] provider.terraform-provider-google: Content-Type: application/json
2025-09-26T15:19:45.402-0500 [DEBUG] provider.terraform-provider-google: Accept-Encoding: gzip
2025-09-26T15:19:45.402-0500 [DEBUG] provider.terraform-provider-google
2025-09-26T15:19:45.402-0500 [DEBUG] provider.terraform-provider-google
2025-09-26T15:19:45.402-0500 [DEBUG] provider.terraform-provider-google: -----------------------------------------------------
2025-09-26T15:19:45.475-0500 [DEBUG] provider.terraform-provider-google: 2025/09/26 15:19:45 [DEBUG] Google API Response Details:
2025-09-26T15:19:45.475-0500 [DEBUG] provider.terraform-provider-google: ---[ RESPONSE ]--------------------------------------
2025-09-26T15:19:45.475-0500 [DEBUG] provider.terraform-provider-google: HTTP/2.0 200 OK
2025-09-26T15:19:45.475-0500 [DEBUG] provider.terraform-provider-google: Alt-Svc: h3=":443"; ma=2592000,h3-29=":443"; ma=2592000
2025-09-26T15:19:45.475-0500 [DEBUG] provider.terraform-provider-google: Content-Type: application/json; charset=UTF-8
2025-09-26T15:19:45.475-0500 [DEBUG] provider.terraform-provider-google: Date: Fri, 26 Sep 2025 20:19:45 GMT
2025-09-26T15:19:45.475-0500 [DEBUG] provider.terraform-provider-google: Server: ESF
2025-09-26T15:19:45.475-0500 [DEBUG] provider.terraform-provider-google: Vary: Origin
2025-09-26T15:19:45.475-0500 [DEBUG] provider.terraform-provider-google: Vary: X-Origin
2025-09-26T15:19:45.475-0500 [DEBUG] provider.terraform-provider-google: Vary: Referer
2025-09-26T15:19:45.475-0500 [DEBUG] provider.terraform-provider-google: X-Content-Type-Options: nosniff
2025-09-26T15:19:45.475-0500 [DEBUG] provider.terraform-provider-google: X-Frame-Options: SAMEORIGIN
2025-09-26T15:19:45.475-0500 [DEBUG] provider.terraform-provider-google: X-Xss-Protection: 0
2025-09-26T15:19:45.475-0500 [DEBUG] provider.terraform-provider-google
2025-09-26T15:19:45.475-0500 [DEBUG] provider.terraform-provider-google: {
2025-09-26T15:19:45.475-0500 [DEBUG] provider.terraform-provider-google:   "name": "projects/158896033530/secrets/keycloak-google-sso-client-secret/versions/1",
2025-09-26T15:19:45.475-0500 [DEBUG] provider.terraform-provider-google:   "createTime": "2025-09-06T03:11:14.986804Z",
2025-09-26T15:19:45.475-0500 [DEBUG] provider.terraform-provider-google:   "state": "ENABLED",
2025-09-26T15:19:45.475-0500 [DEBUG] provider.terraform-provider-google:   "replicationStatus": {
2025-09-26T15:19:45.475-0500 [DEBUG] provider.terraform-provider-google:     "automatic": {}
2025-09-26T15:19:45.475-0500 [DEBUG] provider.terraform-provider-google:   },
2025-09-26T15:19:45.475-0500 [DEBUG] provider.terraform-provider-google:   "etag": "\"163e194ea7c734\"",
2025-09-26T15:19:45.475-0500 [DEBUG] provider.terraform-provider-google:   "clientSpecifiedPayloadChecksum": true
2025-09-26T15:19:45.475-0500 [DEBUG] provider.terraform-provider-google: }
2025-09-26T15:19:45.475-0500 [DEBUG] provider.terraform-provider-google
2025-09-26T15:19:45.475-0500 [DEBUG] provider.terraform-provider-google: -----------------------------------------------------
2025-09-26T15:19:45.475-0500 [DEBUG] provider.terraform-provider-google: 2025/09/26 15:19:45 [DEBUG] Retry Transport: Stopping retries, last request was successful
2025-09-26T15:19:45.475-0500 [DEBUG] provider.terraform-provider-google: 2025/09/26 15:19:45 [DEBUG] Retry Transport: Returning after 1 attempts
2025-09-26T15:19:45.475-0500 [DEBUG] provider.terraform-provider-google: 2025/09/26 15:19:45 [DEBUG] Received Google SecretManager Version: map["clientSpecifiedPayloadChecksum":%!q(bool=true) "createTime":"2025-09-06T03:11:14.986804Z" "etag":"\"163e194ea7c734\"" "name":"projects/158896033530/secrets/keycloak-google-sso-client-secret/versions/1" "replicationStatus":map["automatic":map[]] "state":"ENABLED"]
2025-09-26T15:19:45.475-0500 [DEBUG] provider.terraform-provider-google: 2025/09/26 15:19:45 [DEBUG] Waiting for state to become: [success]
2025-09-26T15:19:45.475-0500 [DEBUG] provider.terraform-provider-google: 2025/09/26 15:19:45 [DEBUG] Retry Transport: starting RoundTrip retry loop
2025-09-26T15:19:45.475-0500 [DEBUG] provider.terraform-provider-google: 2025/09/26 15:19:45 [DEBUG] Retry Transport: request attempt 0
2025-09-26T15:19:45.475-0500 [DEBUG] provider.terraform-provider-google: 2025/09/26 15:19:45 [DEBUG] Google API Request Details:
2025-09-26T15:19:45.475-0500 [DEBUG] provider.terraform-provider-google: ---[ REQUEST ]---------------------------------------
2025-09-26T15:19:45.475-0500 [DEBUG] provider.terraform-provider-google: GET /v1/projects/spezistudyplatform-dev/secrets/keycloak-google-sso-client-secret/versions/latest:access?alt=json HTTP/1.1
2025-09-26T15:19:45.475-0500 [DEBUG] provider.terraform-provider-google: Host: secretmanager.googleapis.com
2025-09-26T15:19:45.475-0500 [DEBUG] provider.terraform-provider-google: User-Agent: Terraform/1.8.6 (+https://www.terraform.io) Terraform-Plugin-SDK/2.37.0 terraform-provider-google/dev6
2025-09-26T15:19:45.475-0500 [DEBUG] provider.terraform-provider-google: Content-Type: application/json
2025-09-26T15:19:45.475-0500 [DEBUG] provider.terraform-provider-google: Accept-Encoding: gzip
2025-09-26T15:19:45.475-0500 [DEBUG] provider.terraform-provider-google
2025-09-26T15:19:45.475-0500 [DEBUG] provider.terraform-provider-google
2025-09-26T15:19:45.475-0500 [DEBUG] provider.terraform-provider-google: -----------------------------------------------------
2025-09-26T15:19:45.617-0500 [DEBUG] provider.terraform-provider-google: 2025/09/26 15:19:45 [DEBUG] Google API Response Details:
2025-09-26T15:19:45.617-0500 [DEBUG] provider.terraform-provider-google: ---[ RESPONSE ]--------------------------------------
2025-09-26T15:19:45.617-0500 [DEBUG] provider.terraform-provider-google: HTTP/2.0 200 OK
2025-09-26T15:19:45.617-0500 [DEBUG] provider.terraform-provider-google: Alt-Svc: h3=":443"; ma=2592000,h3-29=":443"; ma=2592000
2025-09-26T15:19:45.617-0500 [DEBUG] provider.terraform-provider-google: Content-Type: application/json; charset=UTF-8
2025-09-26T15:19:45.617-0500 [DEBUG] provider.terraform-provider-google: Date: Fri, 26 Sep 2025 20:19:45 GMT
2025-09-26T15:19:45.617-0500 [DEBUG] provider.terraform-provider-google: Server: ESF
2025-09-26T15:19:45.617-0500 [DEBUG] provider.terraform-provider-google: Vary: Origin
2025-09-26T15:19:45.617-0500 [DEBUG] provider.terraform-provider-google: Vary: X-Origin
2025-09-26T15:19:45.617-0500 [DEBUG] provider.terraform-provider-google: Vary: Referer
2025-09-26T15:19:45.617-0500 [DEBUG] provider.terraform-provider-google: X-Content-Type-Options: nosniff
2025-09-26T15:19:45.617-0500 [DEBUG] provider.terraform-provider-google: X-Frame-Options: SAMEORIGIN
2025-09-26T15:19:45.617-0500 [DEBUG] provider.terraform-provider-google: X-Xss-Protection: 0
2025-09-26T15:19:45.617-0500 [DEBUG] provider.terraform-provider-google
2025-09-26T15:19:45.617-0500 [DEBUG] provider.terraform-provider-google: {
2025-09-26T15:19:45.617-0500 [DEBUG] provider.terraform-provider-google:   "name": "projects/158896033530/secrets/keycloak-google-sso-client-secret/versions/1",
2025-09-26T15:19:45.617-0500 [DEBUG] provider.terraform-provider-google:   "payload": {
2025-09-26T15:19:45.617-0500 [DEBUG] provider.terraform-provider-google:     "data": "R09DU1BYLVM2WVh3SF8yQ3dsQi11RDlrcDlCUG5RQ1BpNzY=",
2025-09-26T15:19:45.617-0500 [DEBUG] provider.terraform-provider-google:     "dataCrc32c": "1792385915"
2025-09-26T15:19:45.617-0500 [DEBUG] provider.terraform-provider-google:   }
2025-09-26T15:19:45.617-0500 [DEBUG] provider.terraform-provider-google: }
2025-09-26T15:19:45.617-0500 [DEBUG] provider.terraform-provider-google
2025-09-26T15:19:45.617-0500 [DEBUG] provider.terraform-provider-google: -----------------------------------------------------
2025-09-26T15:19:45.617-0500 [DEBUG] provider.terraform-provider-google: 2025/09/26 15:19:45 [DEBUG] Retry Transport: Stopping retries, last request was successful
2025-09-26T15:19:45.617-0500 [DEBUG] provider.terraform-provider-google: 2025/09/26 15:19:45 [DEBUG] Retry Transport: Returning after 1 attempts
2025-09-26T15:19:45.679-0500 [DEBUG] provider.terraform-provider-google: 2025/09/26 15:19:45 [DEBUG] Google API Response Details:
2025-09-26T15:19:45.679-0500 [DEBUG] provider.terraform-provider-google: ---[ RESPONSE ]--------------------------------------
2025-09-26T15:19:45.679-0500 [DEBUG] provider.terraform-provider-google: HTTP/2.0 200 OK
2025-09-26T15:19:45.679-0500 [DEBUG] provider.terraform-provider-google: Alt-Svc: h3=":443"; ma=2592000,h3-29=":443"; ma=2592000
2025-09-26T15:19:45.679-0500 [DEBUG] provider.terraform-provider-google: Content-Type: application/json; charset=UTF-8
2025-09-26T15:19:45.679-0500 [DEBUG] provider.terraform-provider-google: Date: Fri, 26 Sep 2025 20:19:45 GMT
2025-09-26T15:19:45.679-0500 [DEBUG] provider.terraform-provider-google: Server: ESF
2025-09-26T15:19:45.679-0500 [DEBUG] provider.terraform-provider-google: Vary: Origin
2025-09-26T15:19:45.679-0500 [DEBUG] provider.terraform-provider-google: Vary: X-Origin
2025-09-26T15:19:45.679-0500 [DEBUG] provider.terraform-provider-google: Vary: Referer
2025-09-26T15:19:45.679-0500 [DEBUG] provider.terraform-provider-google: X-Content-Type-Options: nosniff
2025-09-26T15:19:45.679-0500 [DEBUG] provider.terraform-provider-google: X-Frame-Options: SAMEORIGIN
2025-09-26T15:19:45.679-0500 [DEBUG] provider.terraform-provider-google: X-Xss-Protection: 0
2025-09-26T15:19:45.679-0500 [DEBUG] provider.terraform-provider-google
2025-09-26T15:19:45.679-0500 [DEBUG] provider.terraform-provider-google: {
2025-09-26T15:19:45.679-0500 [DEBUG] provider.terraform-provider-google:   "name": "projects/158896033530/secrets/keycloak-google-sso-client-id/versions/1",
2025-09-26T15:19:45.679-0500 [DEBUG] provider.terraform-provider-google:   "payload": {
2025-09-26T15:19:45.679-0500 [DEBUG] provider.terraform-provider-google:     "data": "MTU4ODk2MDMzNTMwLW85dGt2N2x1YmN1aXRidGdxYzBodXBvaGNwbnM5MWttLmFwcHMuZ29vZ2xldXNlcmNvbnRlbnQuY29t",
2025-09-26T15:19:45.679-0500 [DEBUG] provider.terraform-provider-google:     "dataCrc32c": "769822983"
2025-09-26T15:19:45.679-0500 [DEBUG] provider.terraform-provider-google:   }
2025-09-26T15:19:45.679-0500 [DEBUG] provider.terraform-provider-google: }
2025-09-26T15:19:45.679-0500 [DEBUG] provider.terraform-provider-google
2025-09-26T15:19:45.679-0500 [DEBUG] provider.terraform-provider-google: -----------------------------------------------------
2025-09-26T15:19:45.679-0500 [DEBUG] provider.terraform-provider-google: 2025/09/26 15:19:45 [DEBUG] Retry Transport: Stopping retries, last request was successful
2025-09-26T15:19:45.679-0500 [DEBUG] provider.terraform-provider-google: 2025/09/26 15:19:45 [DEBUG] Retry Transport: Returning after 1 attempts
2025-09-26T15:19:45.680-0500 [DEBUG] provider.stdio: received EOF, stopping recv loop: err="rpc error: code = Unavailable desc = error reading from server: EOF"
2025-09-26T15:19:45.682-0500 [DEBUG] provider: plugin process exited: path=.terraform/providers/registry.opentofu.org/hashicorp/google/7.1.1/linux_amd64/terraform-provider-google pid=1191723
2025-09-26T15:19:45.682-0500 [DEBUG] provider: plugin exited
2025-09-26T15:19:45.683-0500 [DEBUG] provider.stdio: received EOF, stopping recv loop: err="rpc error: code = Unavailable desc = error reading from server: EOF"
2025-09-26T15:19:45.684-0500 [DEBUG] provider: plugin process exited: path=.terraform/providers/registry.terraform.io/mrparkers/keycloak/4.4.0/linux_amd64/terraform-provider-keycloak_v4.4.0 pid=1191757
2025-09-26T15:19:45.684-0500 [DEBUG] provider: plugin exited
